
> @dub/utils@0.1.60 build
> tsup

[1G[0K[34mCLI[39m Building entry: src/index.ts, src/constants/cctlds.ts, src/constants/connect-supported-countries.ts, src/constants/continents.ts, src/constants/countries.ts, src/constants/country-currency-codes.ts, src/constants/country-phone-codes.ts, src/constants/domains.ts, src/constants/dub-domains.ts, src/constants/index.ts, src/constants/integrations.ts, src/constants/layout.ts, src/constants/localhost.ts, src/constants/main.ts, src/constants/middleware.ts, src/constants/misc.ts, src/constants/paypal-supported-countries.ts, src/constants/regions.ts, src/constants/reserved-slugs.ts, src/constants/saml.ts, src/constants/stablecoin-supported-countries.ts, src/constants/tremendous-supported-countries.ts, src/functions/array-equal.ts, src/functions/avatar.ts, src/functions/camel-case.ts, src/functions/capitalize.ts, src/functions/chunk.ts, src/functions/cn.ts, src/functions/combine-words.ts, src/functions/construct-metadata.ts, src/functions/currency-formatter.ts, src/functions/currency-zero-decimal.ts, src/functions/deep-equal.ts, src/functions/domains.ts, src/functions/fetch-with-retry.ts, src/functions/fetch-with-timeout.ts, src/functions/fetcher.ts, src/functions/format-file-size.ts, src/functions/group-by.ts, src/functions/hash-string.ts, src/functions/index.ts, src/functions/is-click-on-interactive-child.ts, src/functions/is-iframeable.ts, src/functions/keys.ts, src/functions/link-constructor.ts, src/functions/log.ts, src/functions/nanoid.ts, src/functions/nformatter.ts, src/functions/normalize-string.ts, src/functions/parse-filter-value.ts, src/functions/pick.ts, src/functions/pluralize.ts, src/functions/pretty-print.ts, src/functions/promises.ts, src/functions/punycode.ts, src/functions/random-value.ts, src/functions/regex-escape.ts, src/functions/resize-image.ts, src/functions/smart-truncate.ts, src/functions/stable-sort.ts, src/functions/text-fetcher.ts, src/functions/time-ago.ts, src/functions/to-cents-number.ts, src/functions/trim.ts, src/functions/truncate.ts, src/functions/urls.ts, src/constants/pricing/pricing-plan-main-features.ts, src/constants/pricing/pricing-plan-taglines.ts, src/constants/pricing/trial-limits.ts, src/functions/datetime/billing-utils.ts, src/functions/datetime/format-date-smart.ts, src/functions/datetime/format-date.ts, src/functions/datetime/format-datetime-smart.ts, src/functions/datetime/format-datetime.ts, src/functions/datetime/format-period.ts, src/functions/datetime/get-datetime-local.ts, src/functions/datetime/get-days-difference.ts, src/functions/datetime/get-first-and-last-day.ts, src/functions/datetime/index.ts, src/functions/datetime/parse-datetime.ts
[34mCLI[39m Using tsconfig: tsconfig.json
[34mCLI[39m tsup v6.7.0
[34mCLI[39m Using tsup config: /Users/indramahesa/Developments/projects/stellar/frontend-poc/packages/utils/tsup.config.ts
[34mCLI[39m Target: es2022
[34mESM[39m Build start
[32mESM[39m [1mdist/functions/datetime/format-datetime.mjs           [22m[32m69.00 B[39m
[32mESM[39m [1mdist/functions/datetime/get-datetime-local.mjs        [22m[32m71.00 B[39m
[32mESM[39m [1mdist/functions/datetime/get-days-difference.mjs       [22m[32m72.00 B[39m
[32mESM[39m [1mdist/functions/datetime/get-first-and-last-day.mjs    [22m[32m73.00 B[39m
[32mESM[39m [1mdist/functions/truncate.mjs                           [22m[32m60.00 B[39m
[32mESM[39m [1mdist/functions/datetime/parse-datetime.mjs            [22m[32m68.00 B[39m
[32mESM[39m [1mdist/constants/pricing/trial-limits.mjs               [22m[32m265.00 B[39m
[32mESM[39m [1mdist/functions/datetime/format-date.mjs               [22m[32m65.00 B[39m
[32mESM[39m [1mdist/functions/regex-escape.mjs                       [22m[32m63.00 B[39m
[32mESM[39m [1mdist/functions/resize-image.mjs                       [22m[32m63.00 B[39m
[32mESM[39m [1mdist/functions/text-fetcher.mjs                       [22m[32m63.00 B[39m
[32mESM[39m [1mdist/functions/stable-sort.mjs                        [22m[32m62.00 B[39m
[32mESM[39m [1mdist/functions/datetime/format-date-smart.mjs         [22m[32m70.00 B[39m
[32mESM[39m [1mdist/functions/datetime/format-period.mjs             [22m[32m2.39 KB[39m
[32mESM[39m [1mdist/constants/pricing/pricing-plan-main-features.mjs [22m[32m2.40 KB[39m
[32mESM[39m [1mdist/functions/datetime/billing-utils.mjs             [22m[32m135.00 B[39m
[32mESM[39m [1mdist/constants/pricing/pricing-plan-taglines.mjs      [22m[32m76.00 B[39m
[32mESM[39m [1mdist/functions/trim.mjs                               [22m[32m56.00 B[39m
[32mESM[39m [1mdist/functions/to-cents-number.mjs                    [22m[32m65.00 B[39m
[32mESM[39m [1mdist/functions/normalize-string.mjs                   [22m[32m67.00 B[39m
[32mESM[39m [1mdist/functions/time-ago.mjs                           [22m[32m59.00 B[39m
[32mESM[39m [1mdist/functions/pluralize.mjs                          [22m[32m61.00 B[39m
[32mESM[39m [1mdist/functions/pretty-print.mjs                       [22m[32m63.00 B[39m
[32mESM[39m [1mdist/functions/parse-filter-value.mjs                 [22m[32m92.00 B[39m
[32mESM[39m [1mdist/functions/pick.mjs                               [22m[32m56.00 B[39m
[32mESM[39m [1mdist/functions/promises.mjs                           [22m[32m106.00 B[39m
[32mESM[39m [1mdist/functions/keys.mjs                               [22m[32m116.00 B[39m
[32mESM[39m [1mdist/functions/random-value.mjs                       [22m[32m63.00 B[39m
[32mESM[39m [1mdist/functions/index.mjs                              [22m[32m4.69 KB[39m
[32mESM[39m [1mdist/functions/datetime/index.mjs                     [22m[32m2.74 KB[39m
[32mESM[39m [1mdist/functions/nformatter.mjs                         [22m[32m62.00 B[39m
[32mESM[39m [1mdist/functions/nanoid.mjs                             [22m[32m58.00 B[39m
[32mESM[39m [1mdist/functions/link-constructor.mjs                   [22m[32m2.21 KB[39m
[32mESM[39m [1mdist/functions/fetcher.mjs                            [22m[32m59.00 B[39m
[32mESM[39m [1mdist/functions/domains.mjs                            [22m[32m2.35 KB[39m
[32mESM[39m [1mdist/functions/deep-equal.mjs                         [22m[32m61.00 B[39m
[32mESM[39m [1mdist/functions/fetch-with-retry.mjs                   [22m[32m66.00 B[39m
[32mESM[39m [1mdist/functions/fetch-with-timeout.mjs                 [22m[32m68.00 B[39m
[32mESM[39m [1mdist/functions/format-file-size.mjs                   [22m[32m66.00 B[39m
[32mESM[39m [1mdist/functions/is-click-on-interactive-child.mjs      [22m[32m77.00 B[39m
[32mESM[39m [1mdist/functions/is-iframeable.mjs                      [22m[32m64.00 B[39m
[32mESM[39m [1mdist/functions/log.mjs                                [22m[32m55.00 B[39m
[32mESM[39m [1mdist/functions/camel-case.mjs                         [22m[32m63.00 B[39m
[32mESM[39m [1mdist/functions/capitalize.mjs                         [22m[32m62.00 B[39m
[32mESM[39m [1mdist/functions/currency-zero-decimal.mjs              [22m[32m73.00 B[39m
[32mESM[39m [1mdist/functions/currency-formatter.mjs                 [22m[32m129.00 B[39m
[32mESM[39m [1mdist/functions/construct-metadata.mjs                 [22m[32m69.00 B[39m
[32mESM[39m [1mdist/constants/saml.mjs                               [22m[32m66.00 B[39m
[32mESM[39m [1mdist/constants/stablecoin-supported-countries.mjs     [22m[32m82.00 B[39m
[32mESM[39m [1mdist/constants/reserved-slugs.mjs                     [22m[32m66.00 B[39m
[32mESM[39m [1mdist/constants/regions.mjs                            [22m[32m79.00 B[39m
[32mESM[39m [1mdist/functions/avatar.mjs                             [22m[32m66.00 B[39m
[32mESM[39m [1mdist/functions/group-by.mjs                           [22m[32m59.00 B[39m
[32mESM[39m [1mdist/functions/array-equal.mjs                        [22m[32m62.00 B[39m
[32mESM[39m [1mdist/constants/tremendous-supported-countries.mjs     [22m[32m112.00 B[39m
[32mESM[39m [1mdist/constants/index.mjs                              [22m[32m5.21 KB[39m
[32mESM[39m [1mdist/constants/dub-domains.mjs                        [22m[32m140.00 B[39m
[32mESM[39m [1mdist/constants/integrations.mjs                       [22m[32m283.00 B[39m
[32mESM[39m [1mdist/constants/layout.mjs                             [22m[32m61.00 B[39m
[32mESM[39m [1mdist/constants/localhost.mjs                          [22m[32m90.00 B[39m
[32mESM[39m [1mdist/constants/middleware.mjs                         [22m[32m119.00 B[39m
[32mESM[39m [1mdist/constants/misc.mjs                               [22m[32m266.00 B[39m
[32mESM[39m [1mdist/chunk-2XEQCQCO.mjs                               [22m[32m231.00 B[39m
[32mESM[39m [1mdist/index.mjs                                        [22m[32m7.79 KB[39m
[32mESM[39m [1mdist/chunk-53SZZ2QK.mjs                               [22m[32m194.00 B[39m
[32mESM[39m [1mdist/chunk-UWXN5NEH.mjs                               [22m[32m190.00 B[39m
[32mESM[39m [1mdist/functions/cn.mjs                                 [22m[32m54.00 B[39m
[32mESM[39m [1mdist/constants/paypal-supported-countries.mjs         [22m[32m108.00 B[39m
[32mESM[39m [1mdist/constants/main.mjs                               [22m[32m700.00 B[39m
[32mESM[39m [1mdist/chunk-AQPTJK67.mjs                               [22m[32m90.00 B[39m
[32mESM[39m [1mdist/chunk-YSDDF7PX.mjs                               [22m[32m24.24 KB[39m
[32mESM[39m [1mdist/functions/hash-string.mjs                        [22m[32m68.00 B[39m
[32mESM[39m [1mdist/chunk-UMM6G7UG.mjs                               [22m[32m1.22 KB[39m
[32mESM[39m [1mdist/chunk-WOURDH2J.mjs                               [22m[32m167.00 B[39m
[32mESM[39m [1mdist/chunk-KIDNKMJ2.mjs                               [22m[32m318.00 B[39m
[32mESM[39m [1mdist/chunk-STMJW3HF.mjs                               [22m[32m194.00 B[39m
[32mESM[39m [1mdist/chunk-CP4WO7MM.mjs                               [22m[32m151.00 B[39m
[32mESM[39m [1mdist/chunk-FKLXONKR.mjs                               [22m[32m76.00 B[39m
[32mESM[39m [1mdist/chunk-NCGIVOEL.mjs                               [22m[32m2.66 KB[39m
[32mESM[39m [1mdist/chunk-3Q25XO3O.mjs                               [22m[32m77.00 B[39m
[32mESM[39m [1mdist/chunk-NQP6WK7A.mjs                               [22m[32m128.00 B[39m
[32mESM[39m [1mdist/chunk-PPEZOXLP.mjs                               [22m[32m267.00 B[39m
[32mESM[39m [1mdist/chunk-PZ5KH242.mjs                               [22m[32m327.00 B[39m
[32mESM[39m [1mdist/functions/urls.mjs                               [22m[32m496.00 B[39m
[32mESM[39m [1mdist/chunk-FNU3HMXJ.mjs                               [22m[32m281.00 B[39m
[32mESM[39m [1mdist/chunk-GRNEXX4Q.mjs                               [22m[32m322.00 B[39m
[32mESM[39m [1mdist/chunk-E3EM6ARH.mjs                               [22m[32m55.00 B[39m
[32mESM[39m [1mdist/chunk-T3OLVKAN.mjs                               [22m[32m430.00 B[39m
[32mESM[39m [1mdist/chunk-NFQB22EC.mjs                               [22m[32m275.00 B[39m
[32mESM[39m [1mdist/chunk-HR4YFT2T.mjs                               [22m[32m252.00 B[39m
[32mESM[39m [1mdist/chunk-EHUYHMHD.mjs                               [22m[32m60.00 B[39m
[32mESM[39m [1mdist/chunk-N5E6WGFW.mjs                               [22m[32m68.00 B[39m
[32mESM[39m [1mdist/chunk-NZ4UYKAT.mjs                               [22m[32m316.00 B[39m
[32mESM[39m [1mdist/chunk-IHX4EDUF.mjs                               [22m[32m191.00 B[39m
[32mESM[39m [1mdist/chunk-JKFE3UP3.mjs                               [22m[32m365.00 B[39m
[32mESM[39m [1mdist/functions/smart-truncate.mjs                     [22m[32m95.00 B[39m
[32mESM[39m [1mdist/chunk-E7YONIRZ.mjs                               [22m[32m722.00 B[39m
[32mESM[39m [1mdist/chunk-OWYWG4M6.mjs                               [22m[32m140.00 B[39m
[32mESM[39m [1mdist/chunk-E4JQPS37.mjs                               [22m[32m522.00 B[39m
[32mESM[39m [1mdist/chunk-ZECUYKGD.mjs                               [22m[32m256.00 B[39m
[32mESM[39m [1mdist/chunk-EMO4MGOU.mjs                               [22m[32m256.00 B[39m
[32mESM[39m [1mdist/chunk-NZ7SL46J.mjs                               [22m[32m97.00 B[39m
[32mESM[39m [1mdist/chunk-ZTPDEOIY.mjs                               [22m[32m213.00 B[39m
[32mESM[39m [1mdist/chunk-F4P6WJV7.mjs                               [22m[32m197.00 B[39m
[32mESM[39m [1mdist/chunk-PMOQSSOL.mjs                               [22m[32m129.00 B[39m
[32mESM[39m [1mdist/chunk-26WURQ5Y.mjs                               [22m[32m262.00 B[39m
[32mESM[39m [1mdist/chunk-2OJAP233.mjs                               [22m[32m113.00 B[39m
[32mESM[39m [1mdist/chunk-NEIHTFSW.mjs                               [22m[32m117.00 B[39m
[32mESM[39m [1mdist/chunk-HJD7AJT4.mjs                               [22m[32m70.00 B[39m
[32mESM[39m [1mdist/chunk-PT23OKEJ.mjs                               [22m[32m284.00 B[39m
[32mESM[39m [1mdist/chunk-VZT64RAP.mjs                               [22m[32m1004.00 B[39m
[32mESM[39m [1mdist/chunk-FLMBFIHC.mjs                               [22m[32m552.00 B[39m
[32mESM[39m [1mdist/chunk-QYIU7UMU.mjs                               [22m[32m78.00 B[39m
[32mESM[39m [1mdist/chunk-3E3XRX7Q.mjs                               [22m[32m560.00 B[39m
[32mESM[39m [1mdist/chunk-FJFDTHKA.mjs                               [22m[32m149.00 B[39m
[32mESM[39m [1mdist/chunk-WCKL6LWT.mjs                               [22m[32m605.00 B[39m
[32mESM[39m [1mdist/chunk-ORB6LTBV.mjs                               [22m[32m117.00 B[39m
[32mESM[39m [1mdist/chunk-6MXH6P2P.mjs                               [22m[32m652.00 B[39m
[32mESM[39m [1mdist/chunk-RIZFWYUS.mjs                               [22m[32m819.00 B[39m
[32mESM[39m [1mdist/functions/chunk.mjs                              [22m[32m57.00 B[39m
[32mESM[39m [1mdist/chunk-KAJVFOSX.mjs                               [22m[32m763.00 B[39m
[32mESM[39m [1mdist/chunk-KQ4NF54J.mjs                               [22m[32m77.65 KB[39m
[32mESM[39m [1mdist/chunk-UWEMC4DE.mjs                               [22m[32m326.00 B[39m
[32mESM[39m [1mdist/chunk-MS5RESHG.mjs                               [22m[32m608.00 B[39m
[32mESM[39m [1mdist/chunk-GLWDY4K2.mjs                               [22m[32m3.61 KB[39m
[32mESM[39m [1mdist/chunk-PYD75RYX.mjs                               [22m[32m562.00 B[39m
[32mESM[39m [1mdist/chunk-UCO6SXQA.mjs                               [22m[32m901.00 B[39m
[32mESM[39m [1mdist/chunk-2OGPCKQX.mjs                               [22m[32m150.00 B[39m
[32mESM[39m [1mdist/chunk-DEIZ6NOQ.mjs                               [22m[32m517.00 B[39m
[32mESM[39m [1mdist/chunk-FY4O7ZL5.mjs                               [22m[32m521.00 B[39m
[32mESM[39m [1mdist/constants/cctlds.mjs                             [22m[32m58.00 B[39m
[32mESM[39m [1mdist/chunk-YUMUNL66.mjs                               [22m[32m1.36 KB[39m
[32mESM[39m [1mdist/chunk-TU5X2NQ5.mjs                               [22m[32m2.10 KB[39m
[32mESM[39m [1mdist/constants/continents.mjs                         [22m[32m116.00 B[39m
[32mESM[39m [1mdist/chunk-YW4JGK6I.mjs                               [22m[32m431.00 B[39m
[32mESM[39m [1mdist/chunk-RRVBMEYA.mjs                               [22m[32m2.11 KB[39m
[32mESM[39m [1mdist/functions/combine-words.mjs                      [22m[32m64.00 B[39m
[32mESM[39m [1mdist/constants/country-currency-codes.mjs             [22m[32m74.00 B[39m
[32mESM[39m [1mdist/chunk-6OQAYXTQ.mjs                               [22m[32m2.22 KB[39m
[32mESM[39m [1mdist/constants/connect-supported-countries.mjs        [22m[32m79.00 B[39m
[32mESM[39m [1mdist/constants/country-phone-codes.mjs                [22m[32m71.00 B[39m
[32mESM[39m [1mdist/constants/domains.mjs                            [22m[32m100.00 B[39m
[32mESM[39m [1mdist/chunk-SYT2IXG6.mjs                               [22m[32m194.00 B[39m
[32mESM[39m [1mdist/chunk-CELI6EJU.mjs                               [22m[32m1.59 KB[39m
[32mESM[39m [1mdist/functions/punycode.mjs                           [22m[32m78.00 B[39m
[32mESM[39m [1mdist/chunk-JO76EBDG.mjs                               [22m[32m619.00 B[39m
[32mESM[39m [1mdist/functions/datetime/format-datetime-smart.mjs     [22m[32m74.00 B[39m
[32mESM[39m [1mdist/chunk-WKSJXYEU.mjs                               [22m[32m354.00 B[39m
[32mESM[39m [1mdist/chunk-52NREKQ5.mjs                               [22m[32m125.00 B[39m
[32mESM[39m [1mdist/chunk-RONJDARA.mjs                               [22m[32m63.00 B[39m
[32mESM[39m [1mdist/chunk-2HSMBFOI.mjs                               [22m[32m163.00 B[39m
[32mESM[39m [1mdist/constants/countries.mjs                          [22m[32m106.00 B[39m
[32mESM[39m [1mdist/chunk-6YGW3G46.mjs                               [22m[32m4.12 KB[39m
[32mESM[39m ⚡️ Build success in 146ms
[34mDTS[39m Build start
[32mDTS[39m ⚡️ Build success in 7353ms
[32mDTS[39m [1mdist/index.d.ts                                        [22m[32m7.03 KB[39m
[32mDTS[39m [1mdist/functions/index.d.ts                              [22m[32m3.35 KB[39m
[32mDTS[39m [1mdist/functions/datetime/index.d.ts                     [22m[32m625.00 B[39m
[32mDTS[39m [1mdist/constants/cctlds.d.ts                             [22m[32m55.00 B[39m
[32mDTS[39m [1mdist/constants/connect-supported-countries.d.ts        [22m[32m94.00 B[39m
[32mDTS[39m [1mdist/constants/continents.d.ts                         [22m[32m249.00 B[39m
[32mDTS[39m [1mdist/constants/countries.d.ts                          [22m[32m207.00 B[39m
[32mDTS[39m [1mdist/constants/country-currency-codes.d.ts             [22m[32m106.00 B[39m
[32mDTS[39m [1mdist/constants/country-phone-codes.d.ts                [22m[32m100.00 B[39m
[32mDTS[39m [1mdist/constants/domains.d.ts                            [22m[32m154.00 B[39m
[32mDTS[39m [1mdist/constants/dub-domains.d.ts                        [22m[32m459.00 B[39m
[32mDTS[39m [1mdist/constants/integrations.d.ts                       [22m[32m763.00 B[39m
[32mDTS[39m [1mdist/constants/layout.d.ts                             [22m[32m91.00 B[39m
[32mDTS[39m [1mdist/constants/localhost.d.ts                          [22m[32m258.00 B[39m
[32mDTS[39m [1mdist/constants/main.d.ts                               [22m[32m1.96 KB[39m
[32mDTS[39m [1mdist/constants/middleware.d.ts                         [22m[32m459.00 B[39m
[32mDTS[39m [1mdist/constants/misc.d.ts                               [22m[32m665.00 B[39m
[32mDTS[39m [1mdist/constants/paypal-supported-countries.d.ts         [22m[32m92.00 B[39m
[32mDTS[39m [1mdist/constants/regions.d.ts                            [22m[32m141.00 B[39m
[32mDTS[39m [1mdist/constants/reserved-slugs.d.ts                     [22m[32m215.00 B[39m
[32mDTS[39m [1mdist/constants/saml.d.ts                               [22m[32m254.00 B[39m
[32mDTS[39m [1mdist/constants/stablecoin-supported-countries.d.ts     [22m[32m100.00 B[39m
[32mDTS[39m [1mdist/constants/tremendous-supported-countries.d.ts     [22m[32m100.00 B[39m
[32mDTS[39m [1mdist/constants/pricing/pricing-plan-main-features.d.ts [22m[32m841.00 B[39m
[32mDTS[39m [1mdist/constants/pricing/pricing-plan-taglines.d.ts      [22m[32m301.00 B[39m
[32mDTS[39m [1mdist/functions/array-equal.d.ts                        [22m[32m136.00 B[39m
[32mDTS[39m [1mdist/functions/avatar.d.ts                             [22m[32m1.28 KB[39m
[32mDTS[39m [1mdist/functions/camel-case.d.ts                         [22m[32m77.00 B[39m
[32mDTS[39m [1mdist/functions/capitalize.d.ts                         [22m[32m101.00 B[39m
[32mDTS[39m [1mdist/functions/chunk.d.ts                              [22m[32m86.00 B[39m
[32mDTS[39m [1mdist/functions/cn.d.ts                                 [22m[32m106.00 B[39m
[32mDTS[39m [1mdist/functions/combine-words.d.ts                      [22m[32m83.00 B[39m
[32mDTS[39m [1mdist/functions/construct-metadata.d.ts                 [22m[32m471.00 B[39m
[32mDTS[39m [1mdist/functions/currency-formatter.d.ts                 [22m[32m268.00 B[39m
[32mDTS[39m [1mdist/functions/currency-zero-decimal.d.ts              [22m[32m103.00 B[39m
[32mDTS[39m [1mdist/functions/datetime/billing-utils.d.ts             [22m[32m284.00 B[39m
[32mDTS[39m [1mdist/functions/datetime/format-date.d.ts               [22m[32m125.00 B[39m
[32mDTS[39m [1mdist/functions/datetime/format-date-smart.d.ts         [22m[32m135.00 B[39m
[32mDTS[39m [1mdist/functions/datetime/format-datetime.d.ts           [22m[32m133.00 B[39m
[32mDTS[39m [1mdist/functions/datetime/format-datetime-smart.d.ts     [22m[32m143.00 B[39m
[32mDTS[39m [1mdist/functions/datetime/format-period.d.ts             [22m[32m134.00 B[39m
[32mDTS[39m [1mdist/functions/datetime/get-datetime-local.d.ts        [22m[32m92.00 B[39m
[32mDTS[39m [1mdist/functions/datetime/get-days-difference.d.ts       [22m[32m126.00 B[39m
[32mDTS[39m [1mdist/functions/datetime/get-first-and-last-day.d.ts    [22m[32m127.00 B[39m
[32mDTS[39m [1mdist/functions/datetime/parse-datetime.d.ts            [22m[32m93.00 B[39m
[32mDTS[39m [1mdist/functions/deep-equal.d.ts                         [22m[32m143.00 B[39m
[32mDTS[39m [1mdist/functions/domains.d.ts                            [22m[32m543.00 B[39m
[32mDTS[39m [1mdist/functions/fetch-with-retry.d.ts                   [22m[32m225.00 B[39m
[32mDTS[39m [1mdist/functions/fetch-with-timeout.d.ts                 [22m[32m160.00 B[39m
[32mDTS[39m [1mdist/functions/fetcher.d.ts                            [22m[32m158.00 B[39m
[32mDTS[39m [1mdist/functions/format-file-size.d.ts                   [22m[32m309.00 B[39m
[32mDTS[39m [1mdist/functions/group-by.d.ts                           [22m[32m120.00 B[39m
[32mDTS[39m [1mdist/functions/hash-string.d.ts                        [22m[32m95.00 B[39m
[32mDTS[39m [1mdist/functions/is-click-on-interactive-child.d.ts      [22m[32m144.00 B[39m
[32mDTS[39m [1mdist/functions/is-iframeable.d.ts                      [22m[32m150.00 B[39m
[32mDTS[39m [1mdist/functions/keys.d.ts                               [22m[32m222.00 B[39m
[32mDTS[39m [1mdist/functions/link-constructor.d.ts                   [22m[32m351.00 B[39m
[32mDTS[39m [1mdist/functions/log.d.ts                                [22m[32m211.00 B[39m
[32mDTS[39m [1mdist/functions/nanoid.d.ts                             [22m[32m70.00 B[39m
[32mDTS[39m [1mdist/functions/nformatter.d.ts                         [22m[32m140.00 B[39m
[32mDTS[39m [1mdist/functions/normalize-string.d.ts                   [22m[32m85.00 B[39m
[32mDTS[39m [1mdist/functions/parse-filter-value.d.ts                 [22m[32m1.17 KB[39m
[32mDTS[39m [1mdist/functions/pick.d.ts                               [22m[32m123.00 B[39m
[32mDTS[39m [1mdist/functions/pluralize.d.ts                          [22m[32m125.00 B[39m
[32mDTS[39m [1mdist/functions/pretty-print.d.ts                       [22m[32m92.00 B[39m
[32mDTS[39m [1mdist/functions/promises.d.ts                           [22m[32m459.00 B[39m
[32mDTS[39m [1mdist/functions/punycode.d.ts                           [22m[32m148.00 B[39m
[32mDTS[39m [1mdist/functions/random-value.d.ts                       [22m[32m76.00 B[39m
[32mDTS[39m [1mdist/functions/regex-escape.d.ts                       [22m[32m176.00 B[39m
[32mDTS[39m [1mdist/functions/resize-image.d.ts                       [22m[32m158.00 B[39m
[32mDTS[39m [1mdist/functions/smart-truncate.d.ts                     [22m[32m101.00 B[39m
[32mDTS[39m [1mdist/functions/stable-sort.d.ts                        [22m[32m227.00 B[39m
[32mDTS[39m [1mdist/functions/text-fetcher.d.ts                       [22m[32m156.00 B[39m
[32mDTS[39m [1mdist/functions/time-ago.d.ts                           [22m[32m123.00 B[39m
[32mDTS[39m [1mdist/functions/to-cents-number.d.ts                    [22m[32m283.00 B[39m
[32mDTS[39m [1mdist/functions/trim.d.ts                               [22m[32m63.00 B[39m
[32mDTS[39m [1mdist/functions/truncate.d.ts                           [22m[32m113.00 B[39m
[32mDTS[39m [1mdist/functions/urls.d.ts                               [22m[32m1.82 KB[39m
[32mDTS[39m [1mdist/constants/index.d.ts                              [22m[32m3.47 KB[39m
[32mDTS[39m [1mdist/constants/pricing/trial-limits.d.ts               [22m[32m286.00 B[39m
[32mDTS[39m [1mdist/trial-limits-a79e9a05.d.ts                        [22m[32m3.95 KB[39m
[1G[0K⠙[1G[0K
